Microchip MPLAB XC8 Compiler V2.36

Linker command line:

-W-3 --edf=C:\Program Files\Microchip\xc8\v2.36\pic\dat\en_msgs.txt -cn \
  -h+dist/default/production\Invernadero.X.production.sym \
  --cmf=dist/default/production\Invernadero.X.production.cmf -z -Q18F45K22 \
  -oC:\Users\shofy\AppData\Local\Temp\xcAsnvc.4 --defsym=__MPLAB_BUILD=1 \
  -Mdist/default/production/Invernadero.X.production.map \
  --md=C:\Users\shofy\AppData\Local\Temp\xcAsnvc.dat -E1 -ver=XC8 Compiler \
  --acfsm=1493 -ACODE=00h-07FFFh -ACONST=00h-07FFFh \
  -ASMALLCONST=0600h-06FFhx122 -AMEDIUMCONST=0600h-07FFFh -ACOMRAM=01h-05Fh \
  -AABS1=00h-05FFh -ABIGRAM=01h-05FFh -ARAM=060h-0FFh,0100h-01FFhx5 \
  -ABANK0=060h-0FFh -ABANK1=0100h-01FFh -ABANK2=0200h-02FFh \
  -ABANK3=0300h-03FFh -ABANK4=0400h-04FFh -ABANK5=0500h-05FFh \
  -ASFR=0F38h-0F5Fh,0F60h-0FFFh -ABIGSFR=0F38h-0FFFh \
  -ACONFIG=0300000h-030000Dh -AIDLOC=0200000h-0200007h \
  -AEEDATA=0F00000h-0F000FFh -peeprom_data=EEDATA \
  -preset_vec=00h,intcode,intcodelo,powerup,init -pramtop=0600h \
  -psmallconst=SMALLCONST -pmediumconst=MEDIUMCONST -pconst=CONST \
  -AFARRAM=00h-00h \
  -prdata=COMRAM,nvrram=COMRAM,nvbit=COMRAM,rbss=COMRAM,rbit=COMRAM \
  -pfarbss=FARRAM,fardata=FARRAM,nvFARRAM=FARRAM \
  -pintsave_regs=BIGRAM,bigbss=BIGRAM,bigdata=BIGRAM -pbss=RAM \
  -pidata=CODE,irdata=CODE,ibigdata=CODE,ifardata=CODE -prparam=COMRAM \
  C:\Users\shofy\AppData\Local\Temp\xcAsnvc.o \
  dist/default/production\Invernadero.X.production.o 

Object code version is 3.11

Machine type is 18F45K22



                Name                               Link     Load   Length Selector   Space Scale
C:\Users\shofy\AppData\Local\Temp\xcAsnvc.o
                idloc                            200000   200000        8        0       5
                config                           300000   300000        E        0       4
                init                                  0        0        4        0       0
dist/default/production\Invernadero.X.production.o
                idloc                            200000   200000        8        0       5
                config                           300000   300000        E        0       4
                smallconst                          600      600       34      300       0
                text33                             2304     2304       16      31A       0
                text32                             22D0     22D0       1E      31A       0
                text31                             1DE0     1DE0       A4      31A       0
                text30                             1F18     1F18       7A      31A       0
                text29                             2332     2332        4     1199       0
                text28                             21BC     21BC       40      31A       0
                text27                             200A     200A       6C      31A       0
                text26                             2290     2290       22      31A       0
                text25                             1E84     1E84       94      31A       0
                text24                             231A     231A       10      31A       0
                text23                             1C5A     1C5A       C4      31A       0
                text22                             226A     226A       26      31A       0
                text21                             1F92     1F92       78      31A       0
                text20                             22B2     22B2       1E      31A       0
                text19                             22EE     22EE       16      31A       0
                text18                             223A     223A       30      31A       0
                text17                              A5E      A5E      39A      31A       0
                text16                             17EE     17EE      104      31A       0
                text15                              634      634      42A      31A       0
                text14                             14A2     14A2      1B4      31A       0
                text13                             2336     2336        2     1199       0
                text12                             1B90     1B90       CA      31A       0
                text11                             212A     212A       4E      31A       0
                text10                             1656     1656      198      31A       0
                text9                              19E2     19E2       DE      31A       0
                text8                              18F2     18F2       F0      31A       0
                text7                              1AC0     1AC0       D0      31A       0
                text6                              2178     2178       44      31A       0
                text5                              1D1E     1D1E       C2      31A       0
                text4                              12A2     12A2      200      31A       0
                text3                               DF8      DF8      27C      31A       0
                text2                              2076     2076       62      31A       0
                text1                              20D8     20D8       52      31A       0
                text0                              1074     1074      22E      31A       0
                cstackCOMRAM                          1        1       5B        1       1
                cstackBANK0                          60       60       62       60       1
                dataBANK0                            E6       E6        7       60       1
                bssBANK0                             C2       C2       24       60       1
                bssCOMRAM                            5C       5C        4        1       1
                cinit                              21FC     21FC       3E      31A       0
                idataBANK0                         232A     232A        7      31A       0

TOTAL           Name                               Link     Load   Length     Space
        CLASS   CODE           
                init                                  0        0        4         0
                text33                             2304     2304       16         0
                text32                             22D0     22D0       1E         0
                text31                             1DE0     1DE0       A4         0
                text30                             1F18     1F18       7A         0
                text29                             2332     2332        4         0
                text28                             21BC     21BC       40         0
                text27                             200A     200A       6C         0
                text26                             2290     2290       22         0
                text25                             1E84     1E84       94         0
                text24                             231A     231A       10         0
                text23                             1C5A     1C5A       C4         0
                text22                             226A     226A       26         0
                text21                             1F92     1F92       78         0
                text20                             22B2     22B2       1E         0
                text19                             22EE     22EE       16         0
                text18                             223A     223A       30         0
                text17                              A5E      A5E      39A         0
                text16                             17EE     17EE      104         0
                text15                              634      634      42A         0
                text14                             14A2     14A2      1B4         0
                text13                             2336     2336        2         0
                text12                             1B90     1B90       CA         0
                text11                             212A     212A       4E         0
                text10                             1656     1656      198         0
                text9                              19E2     19E2       DE         0
                text8                              18F2     18F2       F0         0
                text7                              1AC0     1AC0       D0         0
                text6                              2178     2178       44         0
                text5                              1D1E     1D1E       C2         0
                text4                              12A2     12A2      200         0
                text3                               DF8      DF8      27C         0
                text2                              2076     2076       62         0
                text1                              20D8     20D8       52         0
                text0                              1074     1074      22E         0
                cinit                              21FC     21FC       3E         0
                idataBANK0                         232A     232A        7         0

        CLASS   CONST          

        CLASS   SMALLCONST     
                smallconst                          600      600       34         0

        CLASS   MEDIUMCONST    

        CLASS   COMRAM         
                cstackCOMRAM                          1        1       5B         1
                bssCOMRAM                            5C       5C        4         1

        CLASS   ABS1           

        CLASS   BIGRAM         

        CLASS   RAM            

        CLASS   BANK0          
                cstackBANK0                          60       60       62         1
                dataBANK0                            E6       E6        7         1
                bssBANK0                             C2       C2       24         1

        CLASS   BANK1          

        CLASS   BANK2          

        CLASS   BANK3          

        CLASS   BANK4          

        CLASS   BANK5          

        CLASS   SFR            

        CLASS   BIGSFR         

        CLASS   CONFIG         
                config                           300000   300000        E         4

        CLASS   IDLOC          
                idloc                            200000   200000        8         5

        CLASS   EEDATA         

        CLASS   FARRAM         

        CLASS   HEAP           

        CLASS   STACK          



SEGMENTS        Name                           Load    Length   Top    Selector   Space  Class

                reset_vec                      000000  000004  000004         0       0  CODE    
                cstackCOMRAM                   000001  00005F  000060         1       1  COMRAM  
                cstackBANK0                    000060  00008D  0000ED        60       1  BANK0   
                smallconst                     000600  000034  000634       300       0  SMALLCON
                text15                         000634  001CFD  002331       31A       0  CODE    
                text29                         002332  000006  002338      1199       0  CODE    


UNUSED ADDRESS RANGES

        Name                Unused          Largest block    Delta
        BANK0            0000ED-0000FF               13
        BANK1            000100-0001FF              100
        BANK2            000200-0002FF              100
        BANK3            000300-0003FF              100
        BANK4            000400-0004FF              100
        BANK5            000500-0005FF              100
        BIGRAM           0000ED-0005FF              513
        BIGSFR           000F38-000FFF               C8
        CODE             000004-0005FF              5FC
                         002331-002331                1
                         002338-007FFF             5CC8
        CONST            000004-0005FF              5FC
                         002331-002331                1
                         002338-007FFF             5CC8
        EEDATA           F00000-F000FF              100
        MEDIUMCONST      002331-002331                1
                         002338-007FFF             5CC8
        RAM              0000ED-0005FF              100
        SFR              000F38-000FFF               28
        SMALLCONST       002331-002331                1
                         002338-007FFF              100

                                  Symbol Table

?_ADC_Read                   cstackCOMRAM 000001
?_ADC_Read_Average           cstackCOMRAM 00000E
?___awdiv                    cstackCOMRAM 000007
?___fldiv                    cstackCOMRAM 000028
?___flmul                    cstackCOMRAM 00000F
?___lldiv                    cstackCOMRAM 000001
?___lodiv                    cstackCOMRAM 000001
?___lomod                    cstackCOMRAM 000001
?___wmul                     cstackCOMRAM 000001
?___xxtofl                   cstackCOMRAM 000001
?_pad                        cstackCOMRAM 000011
?_sprintf                    cstackBANK0  000060
?_stoa                       cstackCOMRAM 00000A
?_strlen                     cstackCOMRAM 000001
?_strncmp                    cstackCOMRAM 000001
?_utoa                       cstackCOMRAM 00001C
?_vfpfcnvrt                  cstackCOMRAM 00003C
?_vfprintf                   cstackCOMRAM 000052
ADC_Read_Average@i           cstackCOMRAM 000015
ADC_Read_Average@muestras    cstackCOMRAM 000016
ADC_Read_Average@suma        cstackCOMRAM 000011
DHT11_CheckResponse@response cstackCOMRAM 000001
DHT11_Read@checksum          cstackCOMRAM 00000F
DHT11_Read@humidity          cstackCOMRAM 000007
DHT11_Read@rh_dec            cstackCOMRAM 00000D
DHT11_Read@rh_int            cstackCOMRAM 000010
DHT11_Read@t_dec             cstackCOMRAM 00000E
DHT11_Read@t_int             cstackCOMRAM 000011
DHT11_Read@temperature       cstackCOMRAM 000005
DHT11_ReadByte@byte          cstackCOMRAM 000003
DHT11_ReadByte@i             cstackCOMRAM 000004
PWM_SetDutyCycle@duty        cstackCOMRAM 000013
PWM_SetDutyCycle@pwm_val     cstackCOMRAM 000011
UART_WriteChar@data          cstackCOMRAM 000001
UART_WriteString@str         cstackCOMRAM 000002
_ADCON0                      (abs)        000FC2
_ADCON0bits                  (abs)        000FC2
_ADCON1                      (abs)        000FC1
_ADCON2                      (abs)        000FC0
_ADC_Init                    text33       002304
_ADC_Read                    text32       0022D0
_ADC_Read_Average            text30       001F18
_ADRESH                      (abs)        000FC4
_ADRESL                      (abs)        000FC3
_ANSELA                      (abs)        000F38
_BAUDCON1bits                (abs)        000FB8
_CCP1CON                     (abs)        000FBD
_CCPR1L                      (abs)        000FBE
_DHT11_CheckResponse         text28       0021BC
_DHT11_Init                  text29       002332
_DHT11_Read                  text25       001E84
_DHT11_ReadByte              text27       00200A
_DHT11_Start                 text26       002290
_INTCONbits                  (abs)        000FF2
_LATAbits                    (abs)        000F89
_LATCbits                    (abs)        000F8B
_OSCCON                      (abs)        000FD3
_PIE1bits                    (abs)        000F9D
_PIR1bits                    (abs)        000F9E
_PORTAbits                   (abs)        000F80
_PR2                         (abs)        000FBB
_PWM_Init                    text24       00231A
_PWM_SetDutyCycle            text21       001F92
_RCSTA1bits                  (abs)        000FAB
_SPBRG1                      (abs)        000FAF
_T2CON                       (abs)        000FBA
_TRISA0                      (abs)        007C90
_TRISAbits                   (abs)        000F92
_TRISC0                      (abs)        007CA0
_TRISC1                      (abs)        007CA1
_TRISC2                      (abs)        007CA2
_TRISC3                      (abs)        007CA3
_TRISC6                      (abs)        007CA6
_TRISC7                      (abs)        007CA7
_TXREG1                      (abs)        000FAD
_TXSTA1bits                  (abs)        000FAC
_UART_Init                   text20       0022B2
_UART_WriteChar              text19       0022EE
_UART_WriteString            text18       00223A
__HRAM                       (abs)        000000
__Habs1                      abs1         000000
__Hbank0                     bank0        000000
__Hbank1                     bank1        000000
__Hbank2                     bank2        000000
__Hbank3                     bank3        000000
__Hbank4                     bank4        000000
__Hbank5                     bank5        000000
__Hbigbss                    bigbss       000000
__Hbigdata                   bigdata      000000
__Hbigram                    bigram       000000
__Hbigsfr                    bigsfr       000000
__Hbss                       bss          000000
__HbssBANK0                  bssBANK0     000000
__HbssCOMRAM                 bssCOMRAM    000000
__Hcinit                     cinit        000000
__Hclrtext                   clrtext      000000
__Hcomram                    comram       000000
__Hconfig                    config       30000E
__Hconst                     const        000000
__HcstackBANK0               cstackBANK0  000000
__HcstackCOMRAM              cstackCOMRAM 000000
__Hdata                      data         000000
__HdataBANK0                 dataBANK0    000000
__Heeprom_data               eeprom_data  000000
__Hfarbss                    farbss       000000
__Hfardata                   fardata      000000
__Hheap                      heap         000000
__Hibigdata                  ibigdata     000000
__Hidata                     idata        000000
__HidataBANK0                idataBANK0   000000
__Hidloc                     idloc        200008
__Hifardata                  ifardata     000000
__Hinit                      init         000004
__Hintcode                   intcode      000000
__Hintcode_body              intcode_body 000000
__Hintcodelo                 intcodelo    000000
__Hintentry                  intentry     000000
__Hintret                    intret       000000
__Hintsave_regs              intsave_regs 000000
__Hirdata                    irdata       000000
__Hmediumconst               mediumconst  000000
__HnvFARRAM                  nvFARRAM     000000
__Hnvbit                     nvbit        000000
__Hnvrram                    nvrram       000000
__Hparam                     rparam       000000
__Hpowerup                   powerup      000000
__Hram                       ram          000000
__Hramtop                    ramtop       000600
__Hrbit                      rbit         000000
__Hrbss                      rbss         000000
__Hrdata                     rdata        000000
__Hreset_vec                 reset_vec    000000
__Hrparam                    rparam       000000
__Hsfr                       sfr          000000
__Hsmallconst                smallconst   000634
__Hspace_0                   (abs)        002338
__Hspace_1                   (abs)        0000ED
__Hspace_2                   (abs)        000000
__Hspace_4                   (abs)        60000E
__Hstack                     stack        000000
__Hstruct                    struct       000000
__Htemp                      temp         000000
__Htext                      text         000000
__Htext0                     text0        000000
__Htext1                     text1        000000
__Htext10                    text10       000000
__Htext11                    text11       000000
__Htext12                    text12       000000
__Htext13                    text13       000000
__Htext14                    text14       000000
__Htext15                    text15       000000
__Htext16                    text16       000000
__Htext17                    text17       000000
__Htext18                    text18       000000
__Htext19                    text19       000000
__Htext2                     text2        000000
__Htext20                    text20       000000
__Htext21                    text21       000000
__Htext22                    text22       000000
__Htext23                    text23       000000
__Htext24                    text24       000000
__Htext25                    text25       000000
__Htext26                    text26       000000
__Htext27                    text27       000000
__Htext28                    text28       000000
__Htext29                    text29       000000
__Htext3                     text3        000000
__Htext30                    text30       000000
__Htext31                    text31       000000
__Htext32                    text32       000000
__Htext33                    text33       000000
__Htext4                     text4        000000
__Htext5                     text5        000000
__Htext6                     text6        000000
__Htext7                     text7        000000
__Htext8                     text8        000000
__Htext9                     text9        000000
__LRAM                       (abs)        000001
__Labs1                      abs1         000000
__Lbank0                     bank0        000000
__Lbank1                     bank1        000000
__Lbank2                     bank2        000000
__Lbank3                     bank3        000000
__Lbank4                     bank4        000000
__Lbank5                     bank5        000000
__Lbigbss                    bigbss       000000
__Lbigdata                   bigdata      000000
__Lbigram                    bigram       000000
__Lbigsfr                    bigsfr       000000
__Lbss                       bss          000000
__LbssBANK0                  bssBANK0     000000
__LbssCOMRAM                 bssCOMRAM    000000
__Lcinit                     cinit        000000
__Lclrtext                   clrtext      000000
__Lcomram                    comram       000000
__Lconfig                    config       000000
__Lconst                     const        000000
__LcstackBANK0               cstackBANK0  000000
__LcstackCOMRAM              cstackCOMRAM 000000
__Ldata                      data         000000
__LdataBANK0                 dataBANK0    000000
__Leeprom_data               eeprom_data  000000
__Lfarbss                    farbss       000000
__Lfardata                   fardata      000000
__Lheap                      heap         000000
__Libigdata                  ibigdata     000000
__Lidata                     idata        000000
__LidataBANK0                idataBANK0   000000
__Lidloc                     idloc        000000
__Lifardata                  ifardata     000000
__Linit                      init         000000
__Lintcode                   intcode      000000
__Lintcode_body              intcode_body 000000
__Lintcodelo                 intcodelo    000000
__Lintentry                  intentry     000000
__Lintret                    intret       000000
__Lintsave_regs              intsave_regs 000000
__Lirdata                    irdata       000000
__Lmediumconst               mediumconst  000000
__LnvFARRAM                  nvFARRAM     000000
__Lnvbit                     nvbit        000000
__Lnvrram                    nvrram       000000
__Lparam                     rparam       000000
__Lpowerup                   powerup      000000
__Lram                       ram          000000
__Lramtop                    ramtop       000600
__Lrbit                      rbit         000000
__Lrbss                      rbss         000000
__Lrdata                     rdata        000000
__Lreset_vec                 reset_vec    000000
__Lrparam                    rparam       000000
__Lsfr                       sfr          000000
__Lsmallconst                smallconst   000600
__Lspace_0                   (abs)        000000
__Lspace_1                   (abs)        000000
__Lspace_2                   (abs)        000000
__Lspace_4                   (abs)        000000
__Lstack                     stack        000000
__Lstruct                    struct       000000
__Ltemp                      temp         000000
__Ltext                      text         000000
__Ltext0                     text0        000000
__Ltext1                     text1        000000
__Ltext10                    text10       000000
__Ltext11                    text11       000000
__Ltext12                    text12       000000
__Ltext13                    text13       000000
__Ltext14                    text14       000000
__Ltext15                    text15       000000
__Ltext16                    text16       000000
__Ltext17                    text17       000000
__Ltext18                    text18       000000
__Ltext19                    text19       000000
__Ltext2                     text2        000000
__Ltext20                    text20       000000
__Ltext21                    text21       000000
__Ltext22                    text22       000000
__Ltext23                    text23       000000
__Ltext24                    text24       000000
__Ltext25                    text25       000000
__Ltext26                    text26       000000
__Ltext27                    text27       000000
__Ltext28                    text28       000000
__Ltext29                    text29       000000
__Ltext3                     text3        000000
__Ltext30                    text30       000000
__Ltext31                    text31       000000
__Ltext32                    text32       000000
__Ltext33                    text33       000000
__Ltext4                     text4        000000
__Ltext5                     text5        000000
__Ltext6                     text6        000000
__Ltext7                     text7        000000
__Ltext8                     text8        000000
__Ltext9                     text9        000000
__S0                         (abs)        002338
__S1                         (abs)        0000ED
__S4                         (abs)        000000
__S5                         (abs)        000000
___awdiv                     text23       001C5A
___awdiv@counter             cstackCOMRAM 00000B
___awdiv@dividend            cstackCOMRAM 000007
___awdiv@divisor             cstackCOMRAM 000009
___awdiv@quotient            cstackCOMRAM 00000D
___awdiv@sign                cstackCOMRAM 00000C
___fldiv                     text17       000A5E
___fldiv@a                   cstackCOMRAM 00002C
___fldiv@aexp                cstackCOMRAM 000040
___fldiv@b                   cstackCOMRAM 000028
___fldiv@bexp                cstackCOMRAM 00003F
___fldiv@grs                 cstackCOMRAM 00003B
___fldiv@new_exp             cstackCOMRAM 000039
___fldiv@rem                 cstackCOMRAM 000034
___fldiv@sign                cstackCOMRAM 000038
___flge                      text16       0017EE
___flge@ff1                  cstackCOMRAM 000001
___flge@ff2                  cstackCOMRAM 000005
___flmul                     text15       000634
___flmul@a                   cstackCOMRAM 000013
___flmul@aexp                cstackCOMRAM 000020
___flmul@b                   cstackCOMRAM 00000F
___flmul@bexp                cstackCOMRAM 000021
___flmul@grs                 cstackCOMRAM 00001C
___flmul@prod                cstackCOMRAM 000022
___flmul@sign                cstackCOMRAM 00001B
___flmul@temp                cstackCOMRAM 000026
___heap_hi                   (abs)        000000
___heap_lo                   (abs)        000000
___inthi_sp                  stack        000000
___intlo_sp                  stack        000000
___lldiv                     text31       001DE0
___lldiv@counter             cstackCOMRAM 00000D
___lldiv@dividend            cstackCOMRAM 000001
___lldiv@divisor             cstackCOMRAM 000005
___lldiv@quotient            cstackCOMRAM 000009
___lodiv                     text8        0018F2
___lodiv@counter             cstackCOMRAM 000019
___lodiv@dividend            cstackCOMRAM 000001
___lodiv@divisor             cstackCOMRAM 000009
___lodiv@quotient            cstackCOMRAM 000011
___lomod                     text7        001AC0
___lomod@counter             cstackCOMRAM 000011
___lomod@dividend            cstackCOMRAM 000001
___lomod@divisor             cstackCOMRAM 000009
___param_bank                (abs)        000000
___rparam_used               (abs)        000001
___sp                        stack        000000
___wmul                      text22       00226A
___wmul@multiplicand         cstackCOMRAM 000003
___wmul@multiplier           cstackCOMRAM 000001
___wmul@product              cstackCOMRAM 000005
___xxtofl                    text14       0014A2
___xxtofl@arg                cstackCOMRAM 00000B
___xxtofl@exp                cstackCOMRAM 00000A
___xxtofl@sign               cstackCOMRAM 000009
___xxtofl@val                cstackCOMRAM 000001
__accesstop                  (abs)        000060
__activetblptr               (abs)        000002
__end_of_ADC_Init            text33       00231A
__end_of_ADC_Read            text32       0022EE
__end_of_ADC_Read_Average    text30       001F92
__end_of_DHT11_CheckResponse text28       0021FC
__end_of_DHT11_Init          text29       002336
__end_of_DHT11_Read          text25       001F18
__end_of_DHT11_ReadByte      text27       002076
__end_of_DHT11_Start         text26       0022B2
__end_of_PWM_Init            text24       00232A
__end_of_PWM_SetDutyCycle    text21       00200A
__end_of_UART_Init           text20       0022D0
__end_of_UART_WriteChar      text19       002304
__end_of_UART_WriteString    text18       00226A
__end_of___awdiv             text23       001D1E
__end_of___fldiv             text17       000DF8
__end_of___flge              text16       0018F2
__end_of___flmul             text15       000A5E
__end_of___lldiv             text31       001E84
__end_of___lodiv             text8        0019E2
__end_of___lomod             text7        001B90
__end_of___wmul              text22       002290
__end_of___xxtofl            text14       001656
__end_of__initialization     cinit        002230
__end_of_fputc               text12       001C5A
__end_of_fputs               text6        0021BC
__end_of_main                text0        0012A2
__end_of_pad                 text5        001DE0
__end_of_putch               text13       002338
__end_of_sprintf             text1        00212A
__end_of_stoa                text10       0017EE
__end_of_strlen              text11       002178
__end_of_strncmp             text9        001AC0
__end_of_utoa                text4        0014A2
__end_of_vfpfcnvrt           text3        001074
__end_of_vfprintf            text2        0020D8
__initialization             cinit        0021FC
__mediumconst                mediumconst  000000
__pbssBANK0                  bssBANK0     0000C2
__pbssCOMRAM                 bssCOMRAM    00005C
__pcinit                     cinit        0021FC
__pcstackBANK0               cstackBANK0  000060
__pcstackCOMRAM              cstackCOMRAM 000001
__pdataBANK0                 dataBANK0    0000E6
__pidataBANK0                idataBANK0   00232A
__psmallconst                smallconst   000600
__ptext0                     text0        001074
__ptext1                     text1        0020D8
__ptext10                    text10       001656
__ptext11                    text11       00212A
__ptext12                    text12       001B90
__ptext13                    text13       002336
__ptext14                    text14       0014A2
__ptext15                    text15       000634
__ptext16                    text16       0017EE
__ptext17                    text17       000A5E
__ptext18                    text18       00223A
__ptext19                    text19       0022EE
__ptext2                     text2        002076
__ptext20                    text20       0022B2
__ptext21                    text21       001F92
__ptext22                    text22       00226A
__ptext23                    text23       001C5A
__ptext24                    text24       00231A
__ptext25                    text25       001E84
__ptext26                    text26       002290
__ptext27                    text27       00200A
__ptext28                    text28       0021BC
__ptext29                    text29       002332
__ptext3                     text3        000DF8
__ptext30                    text30       001F18
__ptext31                    text31       001DE0
__ptext32                    text32       0022D0
__ptext33                    text33       002304
__ptext4                     text4        0012A2
__ptext5                     text5        001D1E
__ptext6                     text6        002178
__ptext7                     text7        001AC0
__ptext8                     text8        0018F2
__ptext9                     text9        0019E2
__ramtop                     ramtop       000600
__smallconst                 smallconst   000600
_dbuf                        bssBANK0     0000C6
_flags                       bssCOMRAM    00005E
_fputc                       text12       001B90
_fputs                       text6        002178
_main                        text0        001074
_nout                        bssBANK0     0000C2
_pad                         text5        001D1E
_prec                        bssCOMRAM    00005C
_putch                       text13       002336
_sprintf                     text1        0020D8
_stoa                        text10       001656
_strlen                      text11       00212A
_strncmp                     text9        0019E2
_utoa                        text4        0012A2
_vfpfcnvrt                   text3        000DF8
_vfpfcnvrt$1427              cstackCOMRAM 000050
_vfprintf                    text2        002076
_width                       bssBANK0     0000C4
end_of_initialization        cinit        002230
fputc@c                      cstackCOMRAM 000001
fputc@fp                     cstackCOMRAM 000003
fputs@c                      cstackCOMRAM 00000E
fputs@fp                     cstackCOMRAM 00000C
fputs@i                      cstackCOMRAM 00000F
fputs@s                      cstackCOMRAM 00000A
intlevel0                    text         000000
intlevel1                    text         000000
intlevel2                    text         000000
intlevel3                    text         000000
isa$std                      (abs)        000001
isa$xinst                    (abs)        000000
main@adc_val                 cstackBANK0  0000B7
main@buffer                  cstackBANK0  000077
main@contador                cstackBANK0  0000BB
main@hum                     cstackBANK0  0000C1
main@luz_estado              cstackBANK0  0000B9
main@temp                    cstackBANK0  0000C0
main@volt                    cstackBANK0  0000BC
pad@buf                      cstackCOMRAM 000013
pad@fp                       cstackCOMRAM 000011
pad@i                        cstackCOMRAM 000018
pad@p                        cstackCOMRAM 000015
pad@w                        cstackCOMRAM 00001A
sprintf@ap                   cstackBANK0  00006A
sprintf@f                    cstackBANK0  00006C
sprintf@fmt                  cstackBANK0  000062
sprintf@s                    cstackBANK0  000060
stackhi                      (abs)        000000
stacklo                      (abs)        000000
start                        init         000000
start_initialization         cinit        0021FC
stoa@F1142                   dataBANK0    0000E6
stoa@cp                      cstackCOMRAM 00001A
stoa@fp                      cstackCOMRAM 00000A
stoa@i                       cstackCOMRAM 000016
stoa@l                       cstackCOMRAM 00001E
stoa@nuls                    cstackCOMRAM 00000F
stoa@p                       cstackCOMRAM 00001C
stoa@s                       cstackCOMRAM 00000C
stoa@w                       cstackCOMRAM 000018
strlen@a                     cstackCOMRAM 000003
strlen@s                     cstackCOMRAM 000001
strncmp@_l                   cstackCOMRAM 000001
strncmp@_r                   cstackCOMRAM 000003
strncmp@l                    cstackCOMRAM 000008
strncmp@n                    cstackCOMRAM 000005
strncmp@r                    cstackCOMRAM 00000A
utoa@d                       cstackCOMRAM 00001E
utoa@fp                      cstackCOMRAM 00001C
utoa@i                       cstackCOMRAM 00003A
utoa@n                       cstackCOMRAM 000032
utoa@p                       cstackCOMRAM 00002E
utoa@w                       cstackCOMRAM 000030
vfpfcnvrt@ap                 cstackCOMRAM 000040
vfpfcnvrt@cp                 cstackCOMRAM 00004E
vfpfcnvrt@fmt                cstackCOMRAM 00003E
vfpfcnvrt@fp                 cstackCOMRAM 00003C
vfpfcnvrt@llu                cstackCOMRAM 000046
vfprintf@ap                  cstackCOMRAM 000056
vfprintf@cfmt                cstackCOMRAM 000058
vfprintf@fmt                 cstackCOMRAM 000054
vfprintf@fp                  cstackCOMRAM 000052


MODULE INFORMATION

Module		Function		Class		Link	Load	Size
C:\Program Files\Microchip\xc8\v2.36\pic\sources\c99\common\putch.c
		_putch         		CODE           	2336	0000	2

C:\Program Files\Microchip\xc8\v2.36\pic\sources\c99\common\putch.c estimated size: 2

C:\Program Files\Microchip\xc8\v2.36\pic\sources\c99\common\lomod.c
		___lomod       		CODE           	1AC0	0000	208

C:\Program Files\Microchip\xc8\v2.36\pic\sources\c99\common\lomod.c estimated size: 208

C:\Program Files\Microchip\xc8\v2.36\pic\sources\c99\common\nf_fputs.c
		_fputs         		CODE           	2178	0000	68

C:\Program Files\Microchip\xc8\v2.36\pic\sources\c99\common\nf_fputs.c estimated size: 68

C:\Program Files\Microchip\xc8\v2.36\pic\sources\c99\common\strncmp.c
		_strncmp       		CODE           	19E2	0000	222

C:\Program Files\Microchip\xc8\v2.36\pic\sources\c99\common\strncmp.c estimated size: 222

C:\Program Files\Microchip\xc8\v2.36\pic\sources\c99\common\sprcmul.c
		___flmul       		CODE           	0634	0000	1066

C:\Program Files\Microchip\xc8\v2.36\pic\sources\c99\common\sprcmul.c estimated size: 1066

uart.c
		_UART_WriteChar		CODE           	22EE	0000	22
		_UART_Init     		CODE           	22B2	0000	30
		_UART_WriteString		CODE           	223A	0000	48

uart.c estimated size: 100

C:\Program Files\Microchip\xc8\v2.36\pic\sources\c99\common\sprcdiv.c
		___fldiv       		CODE           	0A5E	0000	922

C:\Program Files\Microchip\xc8\v2.36\pic\sources\c99\common\sprcdiv.c estimated size: 922

C:\Program Files\Microchip\xc8\v2.36\pic\sources\c99\common\nf_sprintf.c
		_sprintf       		CODE           	20D8	0000	82

C:\Program Files\Microchip\xc8\v2.36\pic\sources\c99\common\nf_sprintf.c estimated size: 82

C:\Program Files\Microchip\xc8\v2.36\pic\sources\c99\common\xxtofl.c
		___xxtofl      		CODE           	14A2	0000	436

C:\Program Files\Microchip\xc8\v2.36\pic\sources\c99\common\xxtofl.c estimated size: 436

C:\Program Files\Microchip\xc8\v2.36\pic\sources\c99\common\strlen.c
		_strlen        		CODE           	212A	0000	78

C:\Program Files\Microchip\xc8\v2.36\pic\sources\c99\common\strlen.c estimated size: 78

pwm.c
		_PWM_SetDutyCycle		CODE           	1F92	0000	120
		_PWM_Init      		CODE           	231A	0000	16

pwm.c estimated size: 136

newmain.c
		_main          		CODE           	1074	0000	558

newmain.c estimated size: 558

C:\Program Files\Microchip\xc8\v2.36\pic\sources\c99\common\__lldiv.c
		___lldiv       		CODE           	1DE0	0000	164

C:\Program Files\Microchip\xc8\v2.36\pic\sources\c99\common\__lldiv.c estimated size: 164

C:\Program Files\Microchip\xc8\v2.36\pic\sources\c99\common\lodiv.c
		___lodiv       		CODE           	18F2	0000	240

C:\Program Files\Microchip\xc8\v2.36\pic\sources\c99\common\lodiv.c estimated size: 240

adc.c
		_ADC_Read      		CODE           	22D0	0000	30
		_ADC_Init      		CODE           	2304	0000	22
		_ADC_Read_Average		CODE           	1F18	0000	122

adc.c estimated size: 174

C:\Program Files\Microchip\xc8\v2.36\pic\sources\c99\common\nf_fputc.c
		_fputc         		CODE           	1B90	0000	202

C:\Program Files\Microchip\xc8\v2.36\pic\sources\c99\common\nf_fputc.c estimated size: 202

C:\Program Files\Microchip\xc8\v2.36\pic\sources\c99\common\awdiv.c
		___awdiv       		CODE           	1C5A	0000	196

C:\Program Files\Microchip\xc8\v2.36\pic\sources\c99\common\awdiv.c estimated size: 196

C:\Program Files\Microchip\xc8\v2.36\pic\sources\c99\common\doprnt.c
		_vfpfcnvrt     		CODE           	0DF8	0000	636
		_pad           		CODE           	1D1E	0000	194
		_vfprintf      		CODE           	2076	0000	98
		_stoa          		CODE           	1656	0000	408
		_utoa          		CODE           	12A2	0000	512

C:\Program Files\Microchip\xc8\v2.36\pic\sources\c99\common\doprnt.c estimated size: 1848

shared
		__initialization		CODE           	21FC	0000	52

shared estimated size: 52

C:\Program Files\Microchip\xc8\v2.36\pic\sources\c99\common\flge.c
		___flge        		CODE           	17EE	0000	260

C:\Program Files\Microchip\xc8\v2.36\pic\sources\c99\common\flge.c estimated size: 260

dht11.c
		_DHT11_Start   		CODE           	2290	0000	34
		_DHT11_Init    		CODE           	2332	0000	4
		_DHT11_CheckResponse		CODE           	21BC	0000	64
		_DHT11_Read    		CODE           	1E84	0000	148
		_DHT11_ReadByte		CODE           	200A	0000	108

dht11.c estimated size: 358

C:\Program Files\Microchip\xc8\v2.36\pic\sources\c99\common\Umul16.c
		___wmul        		CODE           	226A	0000	38

C:\Program Files\Microchip\xc8\v2.36\pic\sources\c99\common\Umul16.c estimated size: 38

